TeamName: LION KING            Rank: 1                    KillScore: 22                   RankScore: 12                   TotalScore: 34                  
NAME: LK.A7!               ID: 229943983            KILL: 7                   
NAME: LK.N7mvp             ID: 2398052597           KILL: 4                   
NAME: LK.LUCAZIM           ID: 214321614            KILL: 3                   
NAME: LK.Dnz1n!            ID: 143771925            KILL: 8                   
TeamName: LS  LÓTUS            Rank: 2                    KillScore: 11                   RankScore: 9                    TotalScore: 20                  
NAME: LSㅤLTKZINN           ID: 1584952975           KILL: 0                   
NAME: ＬＳﾠＹＡＧＯ７７７ˢˣ         ID: 7320205197           KILL: 1                   
NAME: LSㅤBruno"            ID: 3598309365           KILL: 5                   
NAME: LSㅤKATAKURI          ID: 2191363973           KILL: 5                   
TeamName: NEXT                 Rank: 3                    KillScore: 9                    RankScore: 8                    TotalScore: 17                  
NAME: NXTㅤREI              ID: 2201900869           KILL: 2                   
NAME: NXTﾠʜᴇᴄᴛᴏʀ           ID: 8478813778           KILL: 3                   
NAME: CHUCKYmvp¹           ID: 2203003264           KILL: 3                   
NAME: G99ㅤRAMOS            ID: 1683767875           KILL: 1                   
TeamName: BVP ELITE            Rank: 4                    KillScore: 2                    RankScore: 7                    TotalScore: 9                   
NAME: BVPㅤBerlim'          ID: 1338455732           KILL: 1                   
NAME: BVP.CORE.mvp         ID: 2712986575           KILL: 1                   
NAME: BVP TEXAS愛           ID: 9615693853           KILL: 0                   
NAME: WzㅤPH¹⁷¹             ID: 216374564            KILL: 0                   
TeamName: Crazyy Girls         Rank: 5                    KillScore: 9                    RankScore: 6                    TotalScore: 15                  
NAME: FZㅤMILA              ID: 520124682            KILL: 0                   
NAME: FZㅤ!Robin7           ID: 103212463            KILL: 4                   
NAME: FZㅤɴɪɪʜ!             ID: 1809117048           KILL: 3                   
NAME: NWㅤṨᾄʛᾄẓ             ID: 8234395039           KILL: 2                   
TeamName: Crazy Girls two      Rank: 6                    KillScore: 1                    RankScore: 5                    TotalScore: 6                   
NAME: FZ ỊИGRE.            ID: 4165517373           KILL: 0                   
NAME: FZ ᴄᴇʀᴇᴊᴀᶜᵍ          ID: 913873575            KILL: 1                   
NAME: NWꝓꫀɋꭒꫀꞃꭤ ᣘᴶ         ID: 6118736109           KILL: 0                   
NAME: FZㅤAИGELx            ID: 1213270698           KILL: 0                   
TeamName: ELIT TROOP           Rank: 7                    KillScore: 1                    RankScore: 4                    TotalScore: 5                   
NAME: E.T_@Chatão™         ID: 884183932            KILL: 1                   
NAME: E.T-JhonWick         ID: 1793266533           KILL: 0                   
NAME: E.T_Vejetto★         ID: 872183031            KILL: 0                   
NAME: HIGURUMA愛.           ID: 1639980147           KILL: 0                   
TeamName: SPACE                Rank: 8                    KillScore: 5                    RankScore: 3                    TotalScore: 8                   
NAME: Λ7ㅤESPANHOL          ID: 2666598384           KILL: 0                   
NAME: TEVㅤBEX⁰⁰            ID: 1908193517           KILL: 3                   
NAME: SPㅤNEXTᤢ             ID: 6556979815           KILL: 1                   
NAME: dreamy`ㅤ             ID: 1746503077           KILL: 1                   
TeamName: VALHALLA             Rank: 9                    KillScore: 6                    RankScore: 2                    TotalScore: 8                   
NAME: VHLㅤDRYCK.sx         ID: 294228700            KILL: 2                   
NAME: VHLㅤＬＡＲＡツ            ID: 1719697712           KILL: 0                   
NAME: VHLㅤTBACK⁷           ID: 1129945084           KILL: 3                   
NAME: VHLㅤWesleyzl         ID: 2098188362           KILL: 1                   
TeamName: NEXG                 Rank: 10                   KillScore: 2                    RankScore: 1                    TotalScore: 3                   
NAME: NEXG.LLUCÃO          ID: 47796010             KILL: 2                   
NAME: NEXGㅤTiago7$         ID: 962663500            KILL: 0                   
NAME: young.xsﾠmvp         ID: 8310845338           KILL: 0                   
NAME: NEXG.iagowp7         ID: 89159435             KILL: 0                   
TeamName: A1 SPORTS            Rank: 11                   KillScore: 1                    RankScore: 0                    TotalScore: 1                   
NAME: V$ㅤVTR7              ID: 12229551792          KILL: 0                   
NAME: CHEIRA ⅬꓳⅬꓳ愛         ID: 9507995160           KILL: 1                   
NAME: V$ㅤiceheart⁶         ID: 201140842            KILL: 0                   
NAME: V$ㅤShazam⁷愛          ID: 1820082844           KILL: 0                   
TeamName: ALL STARS GG         Rank: 12                   KillScore: 3                    RankScore: 0                    TotalScore: 3                   
NAME: ALLㅤSAKURA⁷⁷         ID: 5265719528           KILL: 0                   
NAME: FRﾠGdKing☃           ID: 6709924995           KILL: 0                   
NAME: TMS.Rigby            ID: 4507989444           KILL: 1                   
NAME: ALLㅤKSB6             ID: 1082079789           KILL: 2                   
TeamName: RZ7 ELITE GG         Rank: 13                   KillScore: 2                    RankScore: 0                    TotalScore: 2                   
NAME: RZ7ﾠYazuke7          ID: 505993809            KILL: 1                   
NAME: Antㅤwebk.            ID: 31309342             KILL: 1                   
NAME: RZ7ㅤnog.rare         ID: 315067883            KILL: 0                   
NAME: LVㅤS10awp            ID: 2494763676           KILL: 0                   
